Subject ID,lh_bankssts_volume,lh_caudalanteriorcingulate_volume,lh_caudalmiddlefrontal_volume,lh_cuneus_volume,lh_entorhinal_volume,lh_fusiform_volume,lh_inferiorparietal_volume,lh_inferiortemporal_volume,lh_isthmuscingulate_volume,lh_lateraloccipital_volume,lh_lateralorbitofrontal_volume,lh_lingual_volume,lh_medialorbitofrontal_volume,lh_middletemporal_volume,lh_parahippocampal_volume,lh_paracentral_volume,lh_parsopercularis_volume,lh_parsorbitalis_volume,lh_parstriangularis_volume,lh_pericalcarine_volume,lh_postcentral_volume,lh_posteriorcingulate_volume,lh_precentral_volume,lh_precuneus_volume,lh_rostralanteriorcingulate_volume,lh_rostralmiddlefrontal_volume,lh_superiorfrontal_volume,lh_superiorparietal_volume,lh_superiortemporal_volume,lh_supramarginal_volume,lh_frontalpole_volume,lh_temporalpole_volume,lh_transversetemporal_volume,lh_insula_volume,BrainSegVolNotVent,eTIV,lh_bankssts_thickness,lh_caudalanteriorcingulate_thickness,lh_caudalmiddlefrontal_thickness,lh_cuneus_thickness,lh_entorhinal_thickness,lh_fusiform_thickness,lh_inferiorparietal_thickness,lh_inferiortemporal_thickness,lh_isthmuscingulate_thickness,lh_lateraloccipital_thickness,lh_lateralorbitofrontal_thickness,lh_lingual_thickness,lh_medialorbitofrontal_thickness,lh_middletemporal_thickness,lh_parahippocampal_thickness,lh_paracentral_thickness,lh_parsopercularis_thickness,lh_parsorbitalis_thickness,lh_parstriangularis_thickness,lh_pericalcarine_thickness,lh_postcentral_thickness,lh_posteriorcingulate_thickness,lh_precentral_thickness,lh_precuneus_thickness,lh_rostralanteriorcingulate_thickness,lh_rostralmiddlefrontal_thickness,lh_superiorfrontal_thickness,lh_superiorparietal_thickness,lh_superiortemporal_thickness,lh_supramarginal_thickness,lh_frontalpole_thickness,lh_temporalpole_thickness,lh_transversetemporal_thickness,lh_insula_thickness,lh_MeanThickness_thickness,lh_bankssts_area,lh_caudalanteriorcingulate_area,lh_caudalmiddlefrontal_area,lh_cuneus_area,lh_entorhinal_area,lh_fusiform_area,lh_inferiorparietal_area,lh_inferiortemporal_area,lh_isthmuscingulate_area,lh_lateraloccipital_area,lh_lateralorbitofrontal_area,lh_lingual_area,lh_medialorbitofrontal_area,lh_middletemporal_area,lh_parahippocampal_area,lh_paracentral_area,lh_parsopercularis_area,lh_parsorbitalis_area,lh_parstriangularis_area,lh_pericalcarine_area,lh_postcentral_area,lh_posteriorcingulate_area,lh_precentral_area,lh_precuneus_area,lh_rostralanteriorcingulate_area,lh_rostralmiddlefrontal_area,lh_superiorfrontal_area,lh_superiorparietal_area,lh_superiortemporal_area,lh_supramarginal_area,lh_frontalpole_area,lh_temporalpole_area,lh_transversetemporal_area,lh_insula_area,lh_WhiteSurfArea_area,lh_bankssts_meancurv,lh_caudalanteriorcingulate_meancurv,lh_caudalmiddlefrontal_meancurv,lh_cuneus_meancurv,lh_entorhinal_meancurv,lh_fusiform_meancurv,lh_inferiorparietal_meancurv,lh_inferiortemporal_meancurv,lh_isthmuscingulate_meancurv,lh_lateraloccipital_meancurv,lh_lateralorbitofrontal_meancurv,lh_lingual_meancurv,lh_medialorbitofrontal_meancurv,lh_middletemporal_meancurv,lh_parahippocampal_meancurv,lh_paracentral_meancurv,lh_parsopercularis_meancurv,lh_parsorbitalis_meancurv,lh_parstriangularis_meancurv,lh_pericalcarine_meancurv,lh_postcentral_meancurv,lh_posteriorcingulate_meancurv,lh_precentral_meancurv,lh_precuneus_meancurv,lh_rostralanteriorcingulate_meancurv,lh_rostralmiddlefrontal_meancurv,lh_superiorfrontal_meancurv,lh_superiorparietal_meancurv,lh_superiortemporal_meancurv,lh_supramarginal_meancurv,lh_frontalpole_meancurv,lh_temporalpole_meancurv,lh_transversetemporal_meancurv,lh_insula_meancurv,lh_bankssts_gauscurv,lh_caudalanteriorcingulate_gauscurv,lh_caudalmiddlefrontal_gauscurv,lh_cuneus_gauscurv,lh_entorhinal_gauscurv,lh_fusiform_gauscurv,lh_inferiorparietal_gauscurv,lh_inferiortemporal_gauscurv,lh_isthmuscingulate_gauscurv,lh_lateraloccipital_gauscurv,lh_lateralorbitofrontal_gauscurv,lh_lingual_gauscurv,lh_medialorbitofrontal_gauscurv,lh_middletemporal_gauscurv,lh_parahippocampal_gauscurv,lh_paracentral_gauscurv,lh_parsopercularis_gauscurv,lh_parsorbitalis_gauscurv,lh_parstriangularis_gauscurv,lh_pericalcarine_gauscurv,lh_postcentral_gauscurv,lh_posteriorcingulate_gauscurv,lh_precentral_gauscurv,lh_precuneus_gauscurv,lh_rostralanteriorcingulate_gauscurv,lh_rostralmiddlefrontal_gauscurv,lh_superiorfrontal_gauscurv,lh_superiorparietal_gauscurv,lh_superiortemporal_gauscurv,lh_supramarginal_gauscurv,lh_frontalpole_gauscurv,lh_temporalpole_gauscurv,lh_transversetemporal_gauscurv,lh_insula_gauscurv,lh_bankssts_foldind,lh_caudalanteriorcingulate_foldind,lh_caudalmiddlefrontal_foldind,lh_cuneus_foldind,lh_entorhinal_foldind,lh_fusiform_foldind,lh_inferiorparietal_foldind,lh_inferiortemporal_foldind,lh_isthmuscingulate_foldind,lh_lateraloccipital_foldind,lh_lateralorbitofrontal_foldind,lh_lingual_foldind,lh_medialorbitofrontal_foldind,lh_middletemporal_foldind,lh_parahippocampal_foldind,lh_paracentral_foldind,lh_parsopercularis_foldind,lh_parsorbitalis_foldind,lh_parstriangularis_foldind,lh_pericalcarine_foldind,lh_postcentral_foldind,lh_posteriorcingulate_foldind,lh_precentral_foldind,lh_precuneus_foldind,lh_rostralanteriorcingulate_foldind,lh_rostralmiddlefrontal_foldind,lh_superiorfrontal_foldind,lh_superiorparietal_foldind,lh_superiortemporal_foldind,lh_supramarginal_foldind,lh_frontalpole_foldind,lh_temporalpole_foldind,lh_transversetemporal_foldind,lh_insula_foldind,lh_bankssts_curvind,lh_caudalanteriorcingulate_curvind,lh_caudalmiddlefrontal_curvind,lh_cuneus_curvind,lh_entorhinal_curvind,lh_fusiform_curvind,lh_inferiorparietal_curvind,lh_inferiortemporal_curvind,lh_isthmuscingulate_curvind,lh_lateraloccipital_curvind,lh_lateralorbitofrontal_curvind,lh_lingual_curvind,lh_medialorbitofrontal_curvind,lh_middletemporal_curvind,lh_parahippocampal_curvind,lh_paracentral_curvind,lh_parsopercularis_curvind,lh_parsorbitalis_curvind,lh_parstriangularis_curvind,lh_pericalcarine_curvind,lh_postcentral_curvind,lh_posteriorcingulate_curvind,lh_precentral_curvind,lh_precuneus_curvind,lh_rostralanteriorcingulate_curvind,lh_rostralmiddlefrontal_curvind,lh_superiorfrontal_curvind,lh_superiorparietal_curvind,lh_superiortemporal_curvind,lh_supramarginal_curvind,lh_frontalpole_curvind,lh_temporalpole_curvind,lh_transversetemporal_curvind,lh_insula_curvind,rh_bankssts_volume,rh_caudalanteriorcingulate_volume,rh_caudalmiddlefrontal_volume,rh_cuneus_volume,rh_entorhinal_volume,rh_fusiform_volume,rh_inferiorparietal_volume,rh_inferiortemporal_volume,rh_isthmuscingulate_volume,rh_lateraloccipital_volume,rh_lateralorbitofrontal_volume,rh_lingual_volume,rh_medialorbitofrontal_volume,rh_middletemporal_volume,rh_parahippocampal_volume,rh_paracentral_volume,rh_parsopercularis_volume,rh_parsorbitalis_volume,rh_parstriangularis_volume,rh_pericalcarine_volume,rh_postcentral_volume,rh_posteriorcingulate_volume,rh_precentral_volume,rh_precuneus_volume,rh_rostralanteriorcingulate_volume,rh_rostralmiddlefrontal_volume,rh_superiorfrontal_volume,rh_superiorparietal_volume,rh_superiortemporal_volume,rh_supramarginal_volume,rh_frontalpole_volume,rh_temporalpole_volume,rh_transversetemporal_volume,rh_insula_volume,rh_bankssts_thickness,rh_caudalanteriorcingulate_thickness,rh_caudalmiddlefrontal_thickness,rh_cuneus_thickness,rh_entorhinal_thickness,rh_fusiform_thickness,rh_inferiorparietal_thickness,rh_inferiortemporal_thickness,rh_isthmuscingulate_thickness,rh_lateraloccipital_thickness,rh_lateralorbitofrontal_thickness,rh_lingual_thickness,rh_medialorbitofrontal_thickness,rh_middletemporal_thickness,rh_parahippocampal_thickness,rh_paracentral_thickness,rh_parsopercularis_thickness,rh_parsorbitalis_thickness,rh_parstriangularis_thickness,rh_pericalcarine_thickness,rh_postcentral_thickness,rh_posteriorcingulate_thickness,rh_precentral_thickness,rh_precuneus_thickness,rh_rostralanteriorcingulate_thickness,rh_rostralmiddlefrontal_thickness,rh_superiorfrontal_thickness,rh_superiorparietal_thickness,rh_superiortemporal_thickness,rh_supramarginal_thickness,rh_frontalpole_thickness,rh_temporalpole_thickness,rh_transversetemporal_thickness,rh_insula_thickness,rh_MeanThickness_thickness,rh_bankssts_area,rh_caudalanteriorcingulate_area,rh_caudalmiddlefrontal_area,rh_cuneus_area,rh_entorhinal_area,rh_fusiform_area,rh_inferiorparietal_area,rh_inferiortemporal_area,rh_isthmuscingulate_area,rh_lateraloccipital_area,rh_lateralorbitofrontal_area,rh_lingual_area,rh_medialorbitofrontal_area,rh_middletemporal_area,rh_parahippocampal_area,rh_paracentral_area,rh_parsopercularis_area,rh_parsorbitalis_area,rh_parstriangularis_area,rh_pericalcarine_area,rh_postcentral_area,rh_posteriorcingulate_area,rh_precentral_area,rh_precuneus_area,rh_rostralanteriorcingulate_area,rh_rostralmiddlefrontal_area,rh_superiorfrontal_area,rh_superiorparietal_area,rh_superiortemporal_area,rh_supramarginal_area,rh_frontalpole_area,rh_temporalpole_area,rh_transversetemporal_area,rh_insula_area,rh_WhiteSurfArea_area,rh_bankssts_meancurv,rh_caudalanteriorcingulate_meancurv,rh_caudalmiddlefrontal_meancurv,rh_cuneus_meancurv,rh_entorhinal_meancurv,rh_fusiform_meancurv,rh_inferiorparietal_meancurv,rh_inferiortemporal_meancurv,rh_isthmuscingulate_meancurv,rh_lateraloccipital_meancurv,rh_lateralorbitofrontal_meancurv,rh_lingual_meancurv,rh_medialorbitofrontal_meancurv,rh_middletemporal_meancurv,rh_parahippocampal_meancurv,rh_paracentral_meancurv,rh_parsopercularis_meancurv,rh_parsorbitalis_meancurv,rh_parstriangularis_meancurv,rh_pericalcarine_meancurv,rh_postcentral_meancurv,rh_posteriorcingulate_meancurv,rh_precentral_meancurv,rh_precuneus_meancurv,rh_rostralanteriorcingulate_meancurv,rh_rostralmiddlefrontal_meancurv,rh_superiorfrontal_meancurv,rh_superiorparietal_meancurv,rh_superiortemporal_meancurv,rh_supramarginal_meancurv,rh_frontalpole_meancurv,rh_temporalpole_meancurv,rh_transversetemporal_meancurv,rh_insula_meancurv,rh_bankssts_gauscurv,rh_caudalanteriorcingulate_gauscurv,rh_caudalmiddlefrontal_gauscurv,rh_cuneus_gauscurv,rh_entorhinal_gauscurv,rh_fusiform_gauscurv,rh_inferiorparietal_gauscurv,rh_inferiortemporal_gauscurv,rh_isthmuscingulate_gauscurv,rh_lateraloccipital_gauscurv,rh_lateralorbitofrontal_gauscurv,rh_lingual_gauscurv,rh_medialorbitofrontal_gauscurv,rh_middletemporal_gauscurv,rh_parahippocampal_gauscurv,rh_paracentral_gauscurv,rh_parsopercularis_gauscurv,rh_parsorbitalis_gauscurv,rh_parstriangularis_gauscurv,rh_pericalcarine_gauscurv,rh_postcentral_gauscurv,rh_posteriorcingulate_gauscurv,rh_precentral_gauscurv,rh_precuneus_gauscurv,rh_rostralanteriorcingulate_gauscurv,rh_rostralmiddlefrontal_gauscurv,rh_superiorfrontal_gauscurv,rh_superiorparietal_gauscurv,rh_superiortemporal_gauscurv,rh_supramarginal_gauscurv,rh_frontalpole_gauscurv,rh_temporalpole_gauscurv,rh_transversetemporal_gauscurv,rh_insula_gauscurv,rh_bankssts_foldind,rh_caudalanteriorcingulate_foldind,rh_caudalmiddlefrontal_foldind,rh_cuneus_foldind,rh_entorhinal_foldind,rh_fusiform_foldind,rh_inferiorparietal_foldind,rh_inferiortemporal_foldind,rh_isthmuscingulate_foldind,rh_lateraloccipital_foldind,rh_lateralorbitofrontal_foldind,rh_lingual_foldind,rh_medialorbitofrontal_foldind,rh_middletemporal_foldind,rh_parahippocampal_foldind,rh_paracentral_foldind,rh_parsopercularis_foldind,rh_parsorbitalis_foldind,rh_parstriangularis_foldind,rh_pericalcarine_foldind,rh_postcentral_foldind,rh_posteriorcingulate_foldind,rh_precentral_foldind,rh_precuneus_foldind,rh_rostralanteriorcingulate_foldind,rh_rostralmiddlefrontal_foldind,rh_superiorfrontal_foldind,rh_superiorparietal_foldind,rh_superiortemporal_foldind,rh_supramarginal_foldind,rh_frontalpole_foldind,rh_temporalpole_foldind,rh_transversetemporal_foldind,rh_insula_foldind,rh_bankssts_curvind,rh_caudalanteriorcingulate_curvind,rh_caudalmiddlefrontal_curvind,rh_cuneus_curvind,rh_entorhinal_curvind,rh_fusiform_curvind,rh_inferiorparietal_curvind,rh_inferiortemporal_curvind,rh_isthmuscingulate_curvind,rh_lateraloccipital_curvind,rh_lateralorbitofrontal_curvind,rh_lingual_curvind,rh_medialorbitofrontal_curvind,rh_middletemporal_curvind,rh_parahippocampal_curvind,rh_paracentral_curvind,rh_parsopercularis_curvind,rh_parsorbitalis_curvind,rh_parstriangularis_curvind,rh_pericalcarine_curvind,rh_postcentral_curvind,rh_posteriorcingulate_curvind,rh_precentral_curvind,rh_precuneus_curvind,rh_rostralanteriorcingulate_curvind,rh_rostralmiddlefrontal_curvind,rh_superiorfrontal_curvind,rh_superiorparietal_curvind,rh_superiortemporal_curvind,rh_supramarginal_curvind,rh_frontalpole_curvind,rh_temporalpole_curvind,rh_transversetemporal_curvind,rh_insula_curvind
sub-103,2723.0,1800.0,5979.0,3831.0,2054.0,9478.0,13913.0,11754.0,3650.0,13947.0,7621.0,9986.0,4802.0,13778.0,2348.0,3563.0,5707.0,2049.0,4010.0,2367.0,10827.0,3865.0,13098.0,10209.0,2858.0,14165.0,18924.0,12593.0,12982.0,11159.0,1066.0,1764.0,1355.0,7548.0,1181042.0,1174196.850029,2.476,2.711,2.222,2.059,3.385,2.719,2.31,2.694,2.449,2.139,2.598,2.29,2.528,2.791,2.858,2.288,2.541,2.372,2.319,1.919,1.861,2.429,2.452,2.386,2.715,2.125,2.381,2.076,2.832,2.355,2.607,2.703,2.789,3.08,2.39435,1172.0,623.0,2432.0,1742.0,388.0,3138.0,5297.0,3749.0,1362.0,6054.0,2814.0,4176.0,1680.0,3936.0,660.0,1416.0,1998.0,714.0,1467.0,1442.0,5050.0,1428.0,4846.0,4008.0,941.0,5862.0,6924.0,5521.0,4092.0,4138.0,304.0,512.0,479.0,2490.0,92853.7,0.113,0.12,0.122,0.149,0.118,0.126,0.122,0.127,0.121,0.149,0.127,0.149,0.126,0.131,0.083,0.099,0.117,0.152,0.118,0.141,0.116,0.133,0.108,0.123,0.145,0.152,0.122,0.117,0.11,0.132,0.191,0.165,0.132,0.115,0.02,0.017,0.024,0.029,0.037,0.025,0.024,0.028,0.024,0.033,0.033,0.034,0.037,0.025,0.016,0.018,0.02,0.034,0.02,0.031,0.023,0.027,0.022,0.025,0.03,0.038,0.026,0.021,0.022,0.025,0.059,0.059,0.025,0.029,14.0,11.0,32.0,33.0,6.0,52.0,81.0,66.0,24.0,123.0,42.0,82.0,30.0,70.0,6.0,14.0,26.0,14.0,22.0,25.0,75.0,30.0,54.0,59.0,19.0,108.0,93.0,78.0,54.0,66.0,8.0,11.0,8.0,30.0,1.4,0.7,3.4,3.1,0.8,4.6,8.0,5.9,2.0,11.9,5.1,8.2,3.1,5.6,0.6,1.7,2.6,1.3,1.7,2.7,6.9,2.3,6.5,5.8,1.7,12.6,10.8,7.1,5.4,6.4,0.7,1.3,0.7,4.3,2433.0,2807.0,5975.0,4743.0,1820.0,10026.0,16817.0,11127.0,2692.0,15577.0,6348.0,10185.0,6284.0,14276.0,2277.0,3722.0,4629.0,2703.0,4298.0,3092.0,8686.0,4160.0,13165.0,10773.0,1890.0,15848.0,20012.0,14735.0,12394.0,10443.0,1662.0,2051.0,939.0,7693.0,2.5,2.554,2.307,2.124,3.021,2.838,2.286,2.687,2.208,2.202,2.391,2.313,2.592,2.89,2.694,2.302,2.539,2.236,2.246,1.817,2.033,2.423,2.503,2.386,2.565,2.316,2.498,1.991,2.943,2.466,2.926,3.181,2.493,3.098,2.42196,1002.0,960.0,2327.0,1975.0,388.0,3243.0,6671.0,3637.0,1086.0,6402.0,2457.0,4182.0,2073.0,4111.0,685.0,1507.0,1623.0,979.0,1715.0,1903.0,3884.0,1565.0,4761.0,4273.0,625.0,6168.0,7101.0,6594.0,3723.0,3917.0,443.0,460.0,346.0,2463.0,95249.6,0.092,0.117,0.103,0.175,0.158,0.121,0.126,0.122,0.12,0.153,0.14,0.147,0.121,0.122,0.097,0.112,0.106,0.152,0.129,0.146,0.109,0.132,0.112,0.121,0.152,0.146,0.129,0.121,0.101,0.119,0.228,0.156,0.128,0.118,0.014,0.019,0.018,0.039,0.068,0.026,0.025,0.027,0.028,0.034,0.04,0.033,0.026,0.025,0.022,0.022,0.021,0.037,0.025,0.031,0.023,0.027,0.022,0.023,0.035,0.035,0.028,0.022,0.02,0.022,0.074,0.057,0.03,0.032,7.0,14.0,24.0,49.0,8.0,50.0,106.0,58.0,20.0,118.0,45.0,79.0,36.0,70.0,8.0,18.0,19.0,20.0,27.0,33.0,50.0,28.0,56.0,61.0,13.0,111.0,102.0,100.0,42.0,60.0,12.0,11.0,6.0,36.0,1.0,1.2,2.7,4.8,1.6,5.2,10.4,5.5,1.6,12.7,5.2,8.0,2.7,6.0,0.9,2.1,2.1,1.9,2.7,3.4,5.4,2.5,6.4,6.1,1.4,12.0,11.4,8.7,4.7,5.3,1.5,1.6,0.5,4.7
sub-101,1939.0,1936.0,4532.0,3051.0,1945.0,10103.0,10075.0,10093.0,2796.0,12782.0,8584.0,7608.0,5209.0,9468.0,2494.0,3319.0,5021.0,2728.0,3760.0,1781.0,8306.0,3120.0,12743.0,10279.0,2793.0,13271.0,20275.0,12024.0,12280.0,12052.0,870.0,2387.0,1319.0,6563.0,1089859.0,1265915.652434,2.443,2.674,2.19,1.951,3.347,2.763,2.235,2.897,2.453,2.111,2.86,2.2,2.558,2.758,3.251,2.294,2.522,2.686,2.437,1.532,2.024,2.526,2.484,2.328,3.043,2.036,2.454,1.973,2.778,2.3,2.243,3.253,2.456,3.168,2.40061,710.0,628.0,2018.0,1564.0,398.0,3225.0,4200.0,2943.0,1003.0,5518.0,2801.0,3339.0,1876.0,2870.0,632.0,1351.0,1805.0,819.0,1430.0,1370.0,3700.0,1122.0,4606.0,4222.0,778.0,5881.0,7373.0,5528.0,3925.0,4698.0,292.0,511.0,495.0,2059.0,85691.3,0.099,0.125,0.116,0.163,0.113,0.13,0.132,0.128,0.12,0.139,0.136,0.153,0.133,0.114,0.125,0.107,0.123,0.136,0.109,0.146,0.123,0.127,0.104,0.135,0.145,0.15,0.132,0.113,0.107,0.136,0.178,0.155,0.124,0.115,0.015,0.022,0.019,0.035,0.025,0.024,0.026,0.026,0.024,0.028,0.028,0.034,0.034,0.021,0.03,0.019,0.023,0.021,0.019,0.032,0.022,0.023,0.017,0.026,0.029,0.034,0.028,0.019,0.018,0.028,0.051,0.039,0.023,0.028,8.0,11.0,27.0,31.0,6.0,59.0,77.0,54.0,17.0,96.0,48.0,61.0,42.0,43.0,9.0,15.0,28.0,16.0,19.0,25.0,56.0,19.0,50.0,75.0,17.0,124.0,115.0,80.0,51.0,84.0,8.0,11.0,8.0,29.0,0.6,1.0,2.3,3.2,0.6,5.0,6.3,4.5,1.4,9.1,5.0,6.6,3.2,3.5,1.1,1.7,2.6,1.1,1.5,2.5,5.3,1.6,5.1,6.4,1.7,11.4,12.0,6.7,4.8,8.1,0.9,1.2,0.7,3.2,1863.0,2339.0,4956.0,3632.0,1871.0,9535.0,13075.0,10265.0,2901.0,12608.0,7146.0,7548.0,5874.0,11386.0,2074.0,4260.0,4505.0,2678.0,4093.0,2226.0,8608.0,3496.0,12082.0,10137.0,2179.0,14144.0,20432.0,11612.0,11363.0,9085.0,1372.0,2531.0,812.0,6690.0,2.667,2.757,2.266,1.976,3.663,2.698,2.282,2.809,2.48,2.039,2.565,2.212,2.753,2.86,3.006,2.439,2.605,2.612,2.426,1.665,1.966,2.481,2.455,2.329,2.976,2.139,2.413,1.994,2.924,2.42,2.679,3.747,2.278,3.229,2.41467,774.0,778.0,1962.0,1803.0,367.0,3274.0,5292.0,3172.0,1012.0,5709.0,2584.0,3242.0,1939.0,3332.0,594.0,1632.0,1578.0,919.0,1474.0,1567.0,3935.0,1264.0,4492.0,4142.0,663.0,5985.0,7518.0,5206.0,3493.0,3507.0,381.0,464.0,330.0,2096.0,86479.5,0.089,0.155,0.114,0.167,0.111,0.125,0.126,0.13,0.116,0.138,0.126,0.155,0.144,0.126,0.111,0.1,0.123,0.185,0.128,0.131,0.123,0.13,0.1,0.128,0.15,0.154,0.129,0.124,0.106,0.128,0.197,0.138,0.136,0.116,0.016,0.026,0.02,0.039,0.025,0.027,0.024,0.028,0.025,0.027,0.029,0.036,0.038,0.023,0.023,0.017,0.023,0.038,0.024,0.027,0.023,0.026,0.017,0.024,0.033,0.034,0.026,0.022,0.019,0.024,0.044,0.037,0.031,0.028,7.0,19.0,27.0,39.0,4.0,58.0,88.0,55.0,16.0,100.0,41.0,60.0,43.0,60.0,7.0,19.0,27.0,22.0,22.0,23.0,62.0,21.0,47.0,65.0,18.0,118.0,116.0,93.0,45.0,60.0,13.0,7.0,5.0,26.0,0.9,1.3,2.3,4.1,0.4,5.2,7.3,5.3,1.4,9.2,4.3,6.6,3.9,5.1,0.7,1.8,2.1,1.8,2.0,2.5,5.8,2.0,4.9,6.3,1.4,11.2,10.8,7.0,4.1,5.1,0.8,1.0,0.6,3.6
